// Jest Snapshot v1, https://goo.gl/fbAQLP

exports[`renders correctly 1`] = `
<div>
  <div
    class="css-g2gst9-App"
  >
    <h1
      class="css-1eu2r4m-App"
    >
      WEÂ´RE LAUNCHING SOON
    </h1>
    <div
      class="css-1xpqvqu-Timer"
    >
      <div
        class="css-1822xkh-FlipCard"
      >
        <div
          class="css-y5ro21-FlipCard"
          data-value="09"
        >
          <div
            class="css-nq5f8h-FlipCard"
            data-value="09"
          />
          <div
            class="css-xp1t8d-FlipCard"
          />
          <div
            class="css-18hlcob-FlipCard"
          />
        </div>
        <h2
          class="css-xzkfzk-FlipCard"
        >
          days
        </h2>
      </div>
      <div
        class="css-1822xkh-FlipCard"
      >
        <div
          class="css-y5ro21-FlipCard"
          data-value="12"
        >
          <div
            class="css-nq5f8h-FlipCard"
            data-value="12"
          />
          <div
            class="css-xp1t8d-FlipCard"
          />
          <div
            class="css-18hlcob-FlipCard"
          />
        </div>
        <h2
          class="css-xzkfzk-FlipCard"
        >
          hours
        </h2>
      </div>
      <div
        class="css-1822xkh-FlipCard"
      >
        <div
          class="css-y5ro21-FlipCard"
          data-value="41"
        >
          <div
            class="css-nq5f8h-FlipCard"
            data-value="41"
          />
          <div
            class="css-xp1t8d-FlipCard"
          />
          <div
            class="css-18hlcob-FlipCard"
          />
        </div>
        <h2
          class="css-xzkfzk-FlipCard"
        >
          minutes
        </h2>
      </div>
      <div
        class="css-1822xkh-FlipCard"
      >
        <div
          class="css-y5ro21-FlipCard"
          data-value="56"
        >
          <div
            class="css-nq5f8h-FlipCard"
            data-value="56"
          />
          <div
            class="css-xp1t8d-FlipCard"
          />
          <div
            class="css-18hlcob-FlipCard"
          />
        </div>
        <h2
          class="css-xzkfzk-FlipCard"
        >
          seconds
        </h2>
      </div>
    </div>
    <div
      class="css-7exyml-App"
    >
      <div
        class="css-20wlgm-SocialMedia"
      >
        <a
          class="css-1eiqcch-SocialMedia"
          href="https://www.facebook.com/"
        >
          <img
            alt="facebook icon"
            class="css-1idlvul-SocialMedia"
            src="icon-facebook.svg"
          />
        </a>
        <a
          class="css-1eiqcch-SocialMedia"
          href="https://www.pinterest.com/"
        >
          <img
            alt="pinterest icon"
            class="css-1idlvul-SocialMedia"
            src="icon-pinterest.svg"
          />
        </a>
        <a
          class="css-1eiqcch-SocialMedia"
          href="http://instagram.com/"
        >
          <img
            alt="instagram icon"
            class="css-1idlvul-SocialMedia"
            src="icon-instagram.svg"
          />
        </a>
      </div>
    </div>
  </div>
</div>
`;
